This file contains any messages produced by compilers while
running configure, to aid debugging if configure makes a mistake.

It was created by configure, which was
generated by GNU Autoconf 2.52.20250126.  Invocation command line was

  $ ./configure 

## ---------- ##
## Platform.  ##
## ---------- ##

hostname = zmy33pcrc01
uname -m = x86_64
uname -r = 6.17.0-1015-aws
uname -s = Linux
uname -v = #15~24.04.1-Ubuntu SMP Thu May  7 17:00:14 UTC 2026

/usr/bin/uname -p = unknown
/bin/uname -X     = unknown

/bin/arch              = unknown
/usr/bin/arch -k       = unknown
/usr/convex/getsysinfo = unknown
hostinfo               = unknown
/bin/machine           = unknown
/usr/bin/oslevel       = unknown
/bin/universe          = unknown

PATH = /opt/jdk1.8.0_45/bin:/usr/local/sbin:/usr/local/bin:/usr/sbin:/usr/bin:/sbin:/bin

## ------------ ##
## Core tests.  ##
## ------------ ##

configure:1064: PATH=".;."; conftest.sh
./configure: 1065: ./configure: conftest.sh: not found
configure:1067: $? = 127
configure:1109: checking build system type
configure:1127: result: x86_64-pc-linux-gnu
configure:1134: checking host system type
configure:1148: result: x86_64-pc-linux-gnu
configure:1156: checking target system type
configure:1170: result: x86_64-pc-linux-gnu
configure:1202: result: Configuring for linux-gnu
configure:1282: checking for gcc
configure:1297: found /usr/bin/gcc
configure:1305: result: gcc
configure:1533: checking for C compiler version
configure:1536: gcc --version </dev/null >&5
gcc (Ubuntu 7.5.0-3ubuntu1~18.04) 7.5.0
Copyright (C) 2017 Free Software Foundation, Inc.
This is free software; see the source for copying conditions.  There is NO
warranty; not even for MERCHANTABILITY or FITNESS FOR A PARTICULAR PURPOSE.

configure:1539: $? = 0
configure:1541: gcc -v </dev/null >&5
Using built-in specs.
COLLECT_GCC=gcc
COLLECT_LTO_WRAPPER=/usr/lib/gcc/x86_64-linux-gnu/7/lto-wrapper
OFFLOAD_TARGET_NAMES=nvptx-none
OFFLOAD_TARGET_DEFAULT=1
Target: x86_64-linux-gnu
Configured with: ../src/configure -v --with-pkgversion='Ubuntu 7.5.0-3ubuntu1~18.04' --with-bugurl=file:///usr/share/doc/gcc-7/README.Bugs --enable-languages=c,ada,c++,go,brig,d,fortran,objc,obj-c++ --prefix=/usr --with-gcc-major-version-only --program-suffix=-7 --program-prefix=x86_64-linux-gnu- --enable-shared --enable-linker-build-id --libexecdir=/usr/lib --without-included-gettext --enable-threads=posix --libdir=/usr/lib --enable-nls --enable-bootstrap --enable-clocale=gnu --enable-libstdcxx-debug --enable-libstdcxx-time=yes --with-default-libstdcxx-abi=new --enable-gnu-unique-object --disable-vtable-verify --enable-libmpx --enable-plugin --enable-default-pie --with-system-zlib --with-target-system-zlib --enable-objc-gc=auto --enable-multiarch --disable-werror --with-arch-32=i686 --with-abi=m64 --with-multilib-list=m32,m64,mx32 --enable-multilib --with-tune=generic --enable-offload-targets=nvptx-none --without-cuda-driver --enable-checking=release --build=x86_64-linux-gnu --host=x86_64-linux-gnu --target=x86_64-linux-gnu
Thread model: posix
gcc version 7.5.0 (Ubuntu 7.5.0-3ubuntu1~18.04) 
configure:1544: $? = 0
configure:1546: gcc -V </dev/null >&5
gcc: error: unrecognized command line option '-V'
gcc: fatal error: no input files
compilation terminated.
configure:1549: $? = 1
configure:1569: checking for C compiler default output
configure:1572: gcc    conftest.c  >&5
configure:1575: $? = 0
configure:1604: result: a.out
configure:1609: checking whether the C compiler works
configure:1615: ./a.out
configure:1618: $? = 0
configure:1633: result: yes
configure:1640: checking whether we are cross compiling
configure:1642: result: no
configure:1645: checking for executable suffix
configure:1647: gcc -o conftest    conftest.c  >&5
configure:1650: $? = 0
configure:1672: result: 
configure:1678: checking for object suffix
configure:1696: gcc -c   conftest.c >&5
configure:1699: $? = 0
configure:1718: result: o
configure:1722: checking whether we are using the GNU C compiler
configure:1743: gcc -c   conftest.c >&5
configure:1746: $? = 0
configure:1749: test -s conftest.o
configure:1752: $? = 0
configure:1764: result: yes
configure:1770: checking whether gcc accepts -g
configure:1788: gcc -c -g  conftest.c >&5
configure:1791: $? = 0
configure:1794: test -s conftest.o
configure:1797: $? = 0
configure:1807: result: yes
configure:1834: gcc -c -g -O2  conftest.c >&5
conftest.c:2:3: error: unknown type name 'choke'
   choke me
   ^~~~~
conftest.c:2:3: error: expected '=', ',', ';', 'asm' or '__attribute__' at end of input
configure:1837: $? = 1
configure: failed program was:
#ifndef __cplusplus
  choke me
#endif
configure:1938: checking version of gcc
configure:1942: result: 7.5.0
configure:1951: checking if this is really Intel C compiler
configure:1973: gcc -c -g -O2 -no-gcc  conftest.c >&5
gcc: error: unrecognized command line option '-no-gcc'; did you mean '-fno-dce'?
configure:1976: $? = 1
configure: failed program was:
#line 1956 "configure"
#include "confdefs.h"

int
main (void)
{

#ifdef __INTEL_COMPILER
#else
#error __INTEL_COMPILER is not defined
#endif

  ;
  return 0;
}
configure:1993: result: no
configure:2002: checking if this is really Clang C compiler
configure:2023: gcc -c -g -O2  conftest.c >&5
configure: In function 'main':
configure:2014:2: error: #error __clang__ is not defined
 #else
  ^~~~ 
configure:2026: $? = 1
configure: failed program was:
#line 2006 "configure"
#include "confdefs.h"

int
main (void)
{

#ifdef __clang__
#else
#error __clang__ is not defined
#endif

  ;
  return 0;
}
configure:2042: result: no
configure:2123: checking for gcc option to accept ANSI C
configure:2178: gcc  -c -g -O2  conftest.c >&5
configure:2181: $? = 0
configure:2184: test -s conftest.o
configure:2187: $? = 0
configure:2204: result: none needed
configure:2215: checking $CFLAGS variable
configure:2329: result: ok
configure:2334: checking $CC variable
configure:2469: result: ok
configure:2478: checking for ggrep
configure:2504: result: no
configure:2478: checking for grep
configure:2493: found /bin/grep
configure:2501: result: grep
configure:2512: checking for egrep
configure:2568: result: grep -E
configure:2578: checking how to run the C preprocessor
configure:2604: gcc -E  conftest.c
configure:2610: $? = 0
configure:2637: gcc -E  conftest.c
configure:2634:10: fatal error: ac_nonexistent.h: No such file or directory
 #include "confdefs.h"
          ^~~~~~~~~~~~      
compilation terminated.
configure:2643: $? = 1
configure: failed program was:
#line 2633 "configure"
#include "confdefs.h"
#include <ac_nonexistent.h>
configure:2680: result: gcc -E
configure:2695: gcc -E  conftest.c
configure:2701: $? = 0
configure:2728: gcc -E  conftest.c
configure:2725:10: fatal error: ac_nonexistent.h: No such file or directory
 #include "confdefs.h"
          ^~~~~~~~~~~~      
compilation terminated.
configure:2734: $? = 1
configure: failed program was:
#line 2724 "configure"
#include "confdefs.h"
#include <ac_nonexistent.h>
configure:2774: checking whether make sets ${MAKE}
configure:2794: result: yes
configure:2841: checking for ranlib
configure:2856: found /usr/bin/ranlib
configure:2865: result: ranlib
configure:2900: checking for a BSD compatible install
configure:2949: result: /usr/bin/install -c
configure:2979: checking whether ln -s works
configure:2983: result: yes
configure:2990: checking if ln -s -f options work
configure:3002: result: yes
configure:3011: checking for lint
configure:3037: result: no
configure:3011: checking for cppcheck
configure:3037: result: no
configure:3011: checking for splint
configure:3037: result: no
configure:3055: checking for groff
configure:3072: found /usr/bin/groff
configure:3084: result: /usr/bin/groff
configure:3095: checking for nroff
configure:3112: found /usr/bin/nroff
configure:3123: result: /usr/bin/nroff
configure:3136: checking for tbl
configure:3153: found /usr/bin/tbl
configure:3165: result: /usr/bin/tbl
configure:3221: checking for ar
configure:3236: found /usr/bin/ar
configure:3245: result: ar
configure:3257: checking for options to update archives
configure:3297: gcc -c -g -O2  conftest.c >&5
configure:3300: $? = 0
ar  -curvU conftest.a conftest.o
configure:3321: result: -curvU
configure:3332: checking for fgrep
configure:3388: result: grep -F
configure:3392: checking for makeflags variable
configure:3434: result: 
configure:3437: checking if filesystem supports mixed-case filenames
configure:3464: result: yes
configure:3475: checking for exctags
configure:3501: result: no
configure:3475: checking for ctags
configure:3490: found /usr/bin/ctags
configure:3498: result: ctags
configure:3512: checking for exetags
configure:3538: result: no
configure:3512: checking for etags
configure:3527: found /usr/bin/etags
configure:3535: result: etags
configure:3547: checking for ctags
configure:3562: found /usr/bin/ctags
configure:3571: result: yes
configure:3581: checking for etags
configure:3596: found /usr/bin/etags
configure:3605: result: yes
configure:3628: checking if you want to see long compiling messages
configure:3662: result: yes
configure:3686: checking for PATH separator
configure:3693: result: :
configure:3711: checking if the POSIX test-macros are already defined
configure:3737: gcc -c -g -O2  conftest.c >&5
configure:3740: $? = 0
configure:3743: test -s conftest.o
configure:3746: $? = 0
configure:3757: result: no
configure:3799: checking if this is the GNU C library
configure:3825: gcc -c -g -O2  conftest.c >&5
configure:3828: $? = 0
configure:3831: test -s conftest.o
configure:3834: $? = 0
configure:3845: result: yes
configure:3853: checking if _DEFAULT_SOURCE can be used as a basis
configure:3884: gcc -c -g -O2 -D_DEFAULT_SOURCE conftest.c >&5
configure:3887: $? = 0
configure:3890: test -s conftest.o
configure:3893: $? = 0
configure:3905: result: yes
configure:3910: checking if _XOPEN_SOURCE=500 works with _DEFAULT_SOURCE
configure:4035: gcc -c -g -O2 -D_DEFAULT_SOURCE -D_XOPEN_SOURCE=500 conftest.c >&5
configure:4038: $? = 0
configure:4041: test -s conftest.o
configure:4044: $? = 0
configure:4055: result: yes
configure:5313: checking if _XOPEN_SOURCE really is set
configure:5331: gcc -c -g -O2 -D_DEFAULT_SOURCE -D_XOPEN_SOURCE=500 conftest.c >&5
configure:5334: $? = 0
configure:5337: test -s conftest.o
configure:5340: $? = 0
configure:5349: result: yes
configure:5369: gcc -c -g -O2 -D_DEFAULT_SOURCE -D_XOPEN_SOURCE=500 conftest.c >&5
configure:5372: $? = 0
configure:5375: test -s conftest.o
configure:5378: $? = 0
configure:5636: checking for special C compiler options needed for large files
configure:5710: result: no
configure:5716: checking for _FILE_OFFSET_BITS value needed for large files
configure:5744: gcc -c -g -O2 -D_DEFAULT_SOURCE -D_XOPEN_SOURCE=500 conftest.c >&5
configure:5747: $? = 0
configure:5750: test -s conftest.o
configure:5753: $? = 0
configure:5803: result: no
configure:5813: checking for _LARGE_FILES value needed for large files
configure:5841: gcc -c -g -O2 -D_DEFAULT_SOURCE -D_XOPEN_SOURCE=500 conftest.c >&5
configure:5844: $? = 0
configure:5847: test -s conftest.o
configure:5850: $? = 0
configure:5900: result: no
configure:5913: checking for _LARGEFILE_SOURCE value needed for large files
configure:5936: gcc -c -g -O2 -D_DEFAULT_SOURCE -D_XOPEN_SOURCE=500 conftest.c >&5
configure:5939: $? = 0
configure:5942: test -s conftest.o
configure:5945: $? = 0
configure:5990: result: no
configure:6004: checking for fseeko
configure:6024: gcc -o conftest -g -O2 -D_DEFAULT_SOURCE -D_XOPEN_SOURCE=500  conftest.c  >&5
configure:6027: $? = 0
configure:6030: test -s conftest
configure:6033: $? = 0
configure:6043: result: yes
configure:6082: checking whether to use struct dirent64
configure:6116: gcc -c -g -O2 -D_DEFAULT_SOURCE -D_XOPEN_SOURCE=500 conftest.c >&5
configure: In function 'main':
configure:6105:24: error: initialization from incompatible pointer type [-Werror=incompatible-pointer-types]
   DIR *dp = opendir(".");
                        ^~     
configure:6107:13: error: invalid operands to binary - (have 'struct dirent64 *' and 'struct dirent *')
   struct dirent *y = readdir(dp);
             ^
cc1: some warnings being treated as errors
configure:6119: $? = 1
configure: failed program was:
#line 6089 "configure"
#include "confdefs.h"

#pragma GCC diagnostic error "-Wincompatible-pointer-types"
#include <sys/types.h>
#include <dirent.h>

#ifndef __REDIRECT
/* if transitional largefile support is setup, this is true */
extern struct dirent64 * readdir(DIR *);
#endif

int
main (void)
{

		DIR *dp = opendir(".");
		struct dirent64 *x = readdir(dp);
		struct dirent *y = readdir(dp);
		int z = x - y;
		(void)z;

  ;
  return 0;
}
configure:6136: result: no
configure:6145: checking for install-prefix
configure:6155: result: no
configure:7279: checking if you want to use C11 _Noreturn feature
configure:7296: result: no
configure:7510: checking if you want to turn on gcc warnings
configure:7527: result: no
configure:7784: checking for gcc __attribute__ directives
checking for gcc __attribute__((scanf))
configure:7839: gcc -c -g -O2 -D_DEFAULT_SOURCE -D_XOPEN_SOURCE=500 conftest.c >&5
configure:7842: $? = 0
checking for gcc __attribute__((printf))
configure:7839: gcc -c -g -O2 -D_DEFAULT_SOURCE -D_XOPEN_SOURCE=500 conftest.c >&5
configure:7842: $? = 0
checking for gcc __attribute__((unused))
configure:7839: gcc -c -g -O2 -D_DEFAULT_SOURCE -D_XOPEN_SOURCE=500 conftest.c >&5
configure:7842: $? = 0
checking for gcc __attribute__((noreturn))
configure:7839: gcc -c -g -O2 -D_DEFAULT_SOURCE -D_XOPEN_SOURCE=500 conftest.c >&5
configure:7842: $? = 0
configure:7905: checking if you want to use pkg-config
configure:7915: result: yes
configure:7967: checking for pkg-config
configure:7984: found /usr/bin/pkg-config
configure:7996: result: /usr/bin/pkg-config
configure:8057: checking for /usr/bin/pkg-config library directory
configure:8100: result: auto
configure:8104: checking for search-list
configure:8139: result: /usr/local/lib/x86_64-linux-gnu/pkgconfig /usr/local/lib/pkgconfig /usr/local/share/pkgconfig /usr/lib/x86_64-linux-gnu/pkgconfig /usr/lib/pkgconfig /usr/share/pkgconfig
configure:8151: checking for first directory
configure:8162: result: /usr/lib/x86_64-linux-gnu/pkgconfig
configure:8202: checking if we should install .pc files for /usr/bin/pkg-config
configure:8216: result: no
configure:8265: checking for this package's name
configure:8275: result: dialog
configure:8279: checking for package version
configure:8300: result: 1.3
configure:8303: checking for package patch date
configure:8320: result: 20260107
configure:8331: testing ABI VERSION 15:0:0 ...
configure:8335: testing VERSION_MAJOR 1 ...
configure:8339: testing VERSION_MINOR 3 ...
configure:8343: testing VERSION_PATCH 20260107 ...
configure:8364: checking if we should install dlg_XXX headers to subdirectory
configure:8374: result: no
configure:8384: checking for man2html
configure:8413: result: no
configure:8440: checking for program to convert manpage to html
configure:8499: result: /usr/bin/groff
configure:8930: checking for iconv
configure:8941: testing Starting FIND_LINKAGE(iconv,) ...
configure:8965: gcc -o conftest -g -O2 -D_DEFAULT_SOURCE -D_XOPEN_SOURCE=500  conftest.c  >&5
configure:8968: $? = 0
configure:8971: test -s conftest
configure:8974: $? = 0
configure:9339: result: yes
configure:9348: checking if the declaration of iconv() needs const.
configure:9380: gcc -c -g -O2 -D_DEFAULT_SOURCE -D_XOPEN_SOURCE=500 conftest.c >&5
configure:9383: $? = 0
configure:9386: test -s conftest.o
configure:9389: $? = 0
configure:9399: result: no
configure:9532: checking for nl_langinfo and CODESET
configure:9552: gcc -o conftest -g -O2 -D_DEFAULT_SOURCE -D_XOPEN_SOURCE=500  conftest.c  >&5
configure:9555: $? = 0
configure:9558: test -s conftest
configure:9561: $? = 0
configure:9572: result: yes
configure:9630: checking whether NLS is requested
configure:9640: result: no
configure:10892: checking if -lm needed for math functions
configure:10915: gcc -o conftest -g -O2 -D_DEFAULT_SOURCE -D_XOPEN_SOURCE=500  conftest.c  >&5
/tmp/ccYN3hxs.o: In function `main':
/root/dialog-1.3-20260107/configure:10908: undefined reference to `sqrt'
collect2: error: ld returned 1 exit status
configure:10918: $? = 1
configure: failed program was:
#line 10899 "configure"
#include "confdefs.h"

		#include <stdio.h>
		#include <stdlib.h>
		#include <math.h>

int
main (void)
{
double x = rand(); printf("result = %g\n", sqrt(x))
  ;
  return 0;
}
configure:10934: result: yes
configure:10942: checking if -lm is available for math functions
configure:10965: gcc -o conftest -g -O2 -D_DEFAULT_SOURCE -D_XOPEN_SOURCE=500  conftest.c  -lm >&5
configure:10968: $? = 0
configure:10971: test -s conftest
configure:10974: $? = 0
configure:10984: result: yes
configure:11021: checking if you want to use dmalloc for testing
configure:11043: result: no
configure:11258: checking if you want to use dbmalloc for testing
configure:11280: result: no
configure:11495: checking if you want to use purify for testing
configure:11517: result: no
configure:11630: checking if you want to use valgrind for testing
configure:11652: result: no
configure:11765: checking if you want to perform memory-leak testing
configure:11790: result: no
configure:11814: checking if you want --trace option
configure:11824: result: yes
configure:11837: checking if rpath option should be used
configure:11847: result: no
configure:11991: checking for readelf
configure:12008: found /usr/bin/readelf
configure:12020: result: /usr/bin/readelf
configure:12032: checking if -fPIC option is needed in CFLAGS
configure:12061: gcc -c -g -O2 -D_DEFAULT_SOURCE -D_XOPEN_SOURCE=500 conftest.c >&5
configure:12064: $? = 0
configure:12089: result: no
configure:12297: checking if libtool -version-number should be used
configure:12314: result: yes
configure:12363: checking if you want to build libraries with libtool
configure:12373: result: no
configure:12733: checking if you want to build shared libraries
configure:12743: result: no
configure:13668: checking for specific curses-directory
configure:13678: result: no
configure:13828: checking for specific curses-directory
configure:13838: result: no
configure:13990: checking for specified curses library type
configure:14034: result: curses
configure:14040: checking for extra include directories
configure:14066: result: no
configure:14076: checking if we have identified curses headers
configure:14100: gcc -c -g -O2 -D_DEFAULT_SOURCE -D_XOPEN_SOURCE=500 conftest.c >&5
configure:14103: $? = 0
configure:14106: test -s conftest.o
configure:14109: $? = 0
configure:14120: result: ncurses.h
configure:14134: checking for ncurses.h
configure:14144: gcc -E -D_DEFAULT_SOURCE -D_XOPEN_SOURCE=500 conftest.c
configure:14150: $? = 0
configure:14169: result: yes
configure:14179: checking for terminfo header
configure:14212: gcc -c -g -O2 -D_DEFAULT_SOURCE -D_XOPEN_SOURCE=500 conftest.c >&5
configure:14215: $? = 0
configure:14218: test -s conftest.o
configure:14221: $? = 0
configure:14237: result: term.h
configure:14269: checking for ncurses version
configure:14335: gcc -o conftest -g -O2 -D_DEFAULT_SOURCE -D_XOPEN_SOURCE=500  conftest.c -lm  >&5
configure:14338: $? = 0
configure:14340: ./conftest
configure:14343: $? = 0
configure:14357: result: 6.1.20180127
configure:14364: checking if we have identified curses libraries
configure:14379: gcc -o conftest -g -O2 -D_DEFAULT_SOURCE -D_XOPEN_SOURCE=500  conftest.c -lm  >&5
/tmp/ccedwolM.o: In function `main':
/root/dialog-1.3-20260107/configure:14372: undefined reference to `initscr'
/root/dialog-1.3-20260107/configure:14372: undefined reference to `endwin'
collect2: error: ld returned 1 exit status
configure:14382: $? = 1
configure: failed program was:
#line 14367 "configure"
#include "confdefs.h"
#include <ncurses.h>
int
main (void)
{
initscr(); endwin()
  ;
  return 0;
}
configure:14397: result: no
configure:14656: testing adding /lib64 to library-path ...
configure:14795: checking for tgoto
configure:14832: gcc -o conftest -g -O2 -D_DEFAULT_SOURCE -D_XOPEN_SOURCE=500 -L/lib64  conftest.c -lm  >&5
/tmp/ccevLH1O.o: In function `main':
/root/dialog-1.3-20260107/configure:14825: undefined reference to `tgoto'
collect2: error: ld returned 1 exit status
configure:14835: $? = 1
configure: failed program was:
#line 14801 "configure"
#include "confdefs.h"
#define tgoto autoconf_temporary
#include <limits.h>	/* least-intrusive standard header which defines gcc2 __stub macros */
#undef tgoto

#ifdef __cplusplus
extern "C"
#endif

/* We use char because int might match the return type of a gcc2
   builtin and then its argument prototype would still apply.  */
char tgoto (void);

int
main (void)
{

/* The GNU C library defines stubs for functions which it implements
    to always fail with ENOSYS.  Some functions are actually named
    something starting with __ and the normal name is an alias.  */
#if defined (__stub_tgoto) || defined (__stub___tgoto)
#error found stub for tgoto
#endif

	return tgoto ();
  ;
  return 0;
}
configure:14851: result: no
configure:14860: checking for tgoto in -lncurses
configure:14887: gcc -o conftest -g -O2 -D_DEFAULT_SOURCE -D_XOPEN_SOURCE=500 -L/lib64  conftest.c -lncurses  -lm  >&5
configure:14890: $? = 0
configure:14893: test -s conftest
configure:14896: $? = 0
configure:14907: result: yes
configure:14930: checking if we can link with ncurses library
configure:14945: gcc -o conftest -g -O2 -D_DEFAULT_SOURCE -D_XOPEN_SOURCE=500 -L/lib64  conftest.c -lncurses -lm  >&5
configure:14948: $? = 0
configure:14951: test -s conftest
configure:14954: $? = 0
configure:14963: result: yes
configure:23301: checking for _nc_init_pthreads
configure:23338: gcc -o conftest -g -O2 -D_DEFAULT_SOURCE -D_XOPEN_SOURCE=500 -L/lib64  conftest.c -lncurses -lm  >&5
/tmp/ccDvhAcO.o: In function `main':
/root/dialog-1.3-20260107/configure:23331: undefined reference to `_nc_init_pthreads'
collect2: error: ld returned 1 exit status
configure:23341: $? = 1
configure: failed program was:
#line 23307 "configure"
#include "confdefs.h"
#define _nc_init_pthreads autoconf_temporary
#include <limits.h>	/* least-intrusive standard header which defines gcc2 __stub macros */
#undef _nc_init_pthreads

#ifdef __cplusplus
extern "C"
#endif

/* We use char because int might match the return type of a gcc2
   builtin and then its argument prototype would still apply.  */
char _nc_init_pthreads (void);

int
main (void)
{

/* The GNU C library defines stubs for functions which it implements
    to always fail with ENOSYS.  Some functions are actually named
    something starting with __ and the normal name is an alias.  */
#if defined (__stub__nc_init_pthreads) || defined (__stub____nc_init_pthreads)
#error found stub for _nc_init_pthreads
#endif

	return _nc_init_pthreads ();
  ;
  return 0;
}
configure:23357: result: no
configure:23386: checking if curses supports wide characters
configure:23412: gcc -o conftest -g -O2 -D_DEFAULT_SOURCE -D_XOPEN_SOURCE=500 -L/lib64  conftest.c -lncurses -lm  >&5
configure: In function 'main':
configure:23404:5: warning: implicit declaration of function 'waddnwstr'; did you mean 'waddnstr'? [-Wimplicit-function-declaration]
     temp[0] = wch;
     ^~~~~~~~~
     waddnstr
/tmp/ccX4trzQ.o: In function `main':
/root/dialog-1.3-20260107/configure:23404: undefined reference to `waddnwstr'
collect2: error: ld returned 1 exit status
configure:23415: $? = 1
configure: failed program was:
#line 23393 "configure"
#include "confdefs.h"

#include <stdlib.h>
#include <ncurses.h>
int
main (void)
{

    wchar_t temp[2];
    wchar_t wch = 'A';
    temp[0] = wch;
    waddnwstr(stdscr, temp, 1);

  ;
  return 0;
}
configure:23432: result: no
configure:23538: checking if you want extra dialogs
configure:23548: result: yes
configure:23558: checking if you want config-file support
configure:23568: result: yes
configure:23584: checking if you want extra attributes in config-file
configure:23594: result: yes
configure:23608: checking if you want Xdialog-style dialogs
configure:23618: result: yes
configure:23631: checking if you want extra Xdialog-style dialogs (1.2)
configure:23641: result: yes
configure:23654: checking if you want compatibility with whiptail options
configure:23664: result: yes
configure:23676: checking if you want the form dialog
configure:23686: result: yes
configure:23699: checking if you want the gauge dialog
configure:23709: result: yes
configure:23722: checking if you want the tailbox dialog
configure:23732: result: yes
configure:23745: checking if you want the mixedform dialog
configure:23755: result: yes
configure:23768: checking if you want the mixedgauge dialog
configure:23778: result: yes
configure:23791: checking if you want the wide-curses features
configure:23801: result: no
configure:23813: checking for ANSI C header files
configure:23827: gcc -E -D_DEFAULT_SOURCE -D_XOPEN_SOURCE=500 conftest.c
configure:23833: $? = 0
configure:23920: gcc -o conftest -g -O2 -D_DEFAULT_SOURCE -D_XOPEN_SOURCE=500 -L/lib64  conftest.c -lncurses -lm  >&5
configure:23923: $? = 0
configure:23925: ./conftest
configure:23928: $? = 0
configure:23941: result: yes
configure:23957: checking for sys/types.h
configure:23969: gcc -c -g -O2 -D_DEFAULT_SOURCE -D_XOPEN_SOURCE=500 conftest.c >&5
configure:23972: $? = 0
configure:23975: test -s conftest.o
configure:23978: $? = 0
configure:23988: result: yes
configure:23957: checking for sys/stat.h
configure:23969: gcc -c -g -O2 -D_DEFAULT_SOURCE -D_XOPEN_SOURCE=500 conftest.c >&5
configure:23972: $? = 0
configure:23975: test -s conftest.o
configure:23978: $? = 0
configure:23988: result: yes
configure:23957: checking for stdlib.h
configure:23969: gcc -c -g -O2 -D_DEFAULT_SOURCE -D_XOPEN_SOURCE=500 conftest.c >&5
configure:23972: $? = 0
configure:23975: test -s conftest.o
configure:23978: $? = 0
configure:23988: result: yes
configure:23957: checking for string.h
configure:23969: gcc -c -g -O2 -D_DEFAULT_SOURCE -D_XOPEN_SOURCE=500 conftest.c >&5
configure:23972: $? = 0
configure:23975: test -s conftest.o
configure:23978: $? = 0
configure:23988: result: yes
configure:23957: checking for memory.h
configure:23969: gcc -c -g -O2 -D_DEFAULT_SOURCE -D_XOPEN_SOURCE=500 conftest.c >&5
configure:23972: $? = 0
configure:23975: test -s conftest.o
configure:23978: $? = 0
configure:23988: result: yes
configure:23957: checking for strings.h
configure:23969: gcc -c -g -O2 -D_DEFAULT_SOURCE -D_XOPEN_SOURCE=500 conftest.c >&5
configure:23972: $? = 0
configure:23975: test -s conftest.o
configure:23978: $? = 0
configure:23988: result: yes
configure:23957: checking for inttypes.h
configure:23969: gcc -c -g -O2 -D_DEFAULT_SOURCE -D_XOPEN_SOURCE=500 conftest.c >&5
configure:23972: $? = 0
configure:23975: test -s conftest.o
configure:23978: $? = 0
configure:23988: result: yes
configure:23957: checking for stdint.h
configure:23969: gcc -c -g -O2 -D_DEFAULT_SOURCE -D_XOPEN_SOURCE=500 conftest.c >&5
configure:23972: $? = 0
configure:23975: test -s conftest.o
configure:23978: $? = 0
configure:23988: result: yes
configure:23957: checking for unistd.h
configure:23969: gcc -c -g -O2 -D_DEFAULT_SOURCE -D_XOPEN_SOURCE=500 conftest.c >&5
configure:23972: $? = 0
configure:23975: test -s conftest.o
configure:23978: $? = 0
configure:23988: result: yes
configure:23998: checking whether exit is declared
configure:24019: gcc -c -g -O2 -D_DEFAULT_SOURCE -D_XOPEN_SOURCE=500 conftest.c >&5
configure:24022: $? = 0
configure:24025: test -s conftest.o
configure:24028: $? = 0
configure:24038: result: yes
configure:24041: checking whether time.h and sys/time.h may both be included
configure:24063: gcc -c -g -O2 -D_DEFAULT_SOURCE -D_XOPEN_SOURCE=500 conftest.c >&5
configure:24066: $? = 0
configure:24069: test -s conftest.o
configure:24072: $? = 0
configure:24082: result: yes
configure:24095: checking for dirent.h that defines DIR
configure:24116: gcc -c -g -O2 -D_DEFAULT_SOURCE -D_XOPEN_SOURCE=500 conftest.c >&5
configure:24119: $? = 0
configure:24122: test -s conftest.o
configure:24125: $? = 0
configure:24135: result: yes
configure:24148: checking for opendir in -ldir
configure:24175: gcc -o conftest -g -O2 -D_DEFAULT_SOURCE -D_XOPEN_SOURCE=500 -L/lib64  conftest.c -ldir  -lncurses -lm  >&5
/usr/bin/ld: cannot find -ldir
collect2: error: ld returned 1 exit status
configure:24178: $? = 1
configure: failed program was:
#line 24156 "configure"
#include "confdefs.h"

/* Override any gcc2 internal prototype to avoid an error.  */
#ifdef __cplusplus
extern "C"
#endif
/* We use char because int might match the return type of a gcc2
   builtin and then its argument prototype would still apply.  */
char opendir (void);
int
main (void)
{
opendir ();
  ;
  return 0;
}
configure:24195: result: no
configure:24260: checking for search.h
configure:24270: gcc -E -D_DEFAULT_SOURCE -D_XOPEN_SOURCE=500 conftest.c
configure:24276: $? = 0
configure:24295: result: yes
configure:24260: checking for sys/param.h
configure:24270: gcc -E -D_DEFAULT_SOURCE -D_XOPEN_SOURCE=500 conftest.c
configure:24276: $? = 0
configure:24295: result: yes
configure:24305: checking for term.h
configure:24410: result: term.h
configure:24437: checking return type of signal handlers
configure:24461: gcc -c -g -O2 -D_DEFAULT_SOURCE -D_XOPEN_SOURCE=500 conftest.c >&5
configure:24464: $? = 0
configure:24467: test -s conftest.o
configure:24470: $? = 0
configure:24480: result: void
configure:24505: checking for btowc
configure:24542: gcc -o conftest -g -O2 -D_DEFAULT_SOURCE -D_XOPEN_SOURCE=500 -L/lib64  conftest.c -lncurses -lm  >&5
configure:24545: $? = 0
configure:24548: test -s conftest
configure:24551: $? = 0
configure:24561: result: yes
configure:24505: checking for mblen
configure:24542: gcc -o conftest -g -O2 -D_DEFAULT_SOURCE -D_XOPEN_SOURCE=500 -L/lib64  conftest.c -lncurses -lm  >&5
configure:24545: $? = 0
configure:24548: test -s conftest
configure:24551: $? = 0
configure:24561: result: yes
configure:24505: checking for mbrlen
configure:24542: gcc -o conftest -g -O2 -D_DEFAULT_SOURCE -D_XOPEN_SOURCE=500 -L/lib64  conftest.c -lncurses -lm  >&5
configure:24545: $? = 0
configure:24548: test -s conftest
configure:24551: $? = 0
configure:24561: result: yes
configure:24505: checking for mbrtowc
configure:24542: gcc -o conftest -g -O2 -D_DEFAULT_SOURCE -D_XOPEN_SOURCE=500 -L/lib64  conftest.c -lncurses -lm  >&5
configure:24545: $? = 0
configure:24548: test -s conftest
configure:24551: $? = 0
configure:24561: result: yes
configure:24505: checking for mbtowc
configure:24542: gcc -o conftest -g -O2 -D_DEFAULT_SOURCE -D_XOPEN_SOURCE=500 -L/lib64  conftest.c -lncurses -lm  >&5
configure:24545: $? = 0
configure:24548: test -s conftest
configure:24551: $? = 0
configure:24561: result: yes
configure:24505: checking for strcasecmp
configure:24542: gcc -o conftest -g -O2 -D_DEFAULT_SOURCE -D_XOPEN_SOURCE=500 -L/lib64  conftest.c -lncurses -lm  >&5
configure:24522:6: warning: conflicting types for built-in function 'strcasecmp' [-Wbuiltin-declaration-mismatch]
    builtin and then its argument prototype would still apply.  */
      ^~~~~~~~~~
configure:24545: $? = 0
configure:24548: test -s conftest
configure:24551: $? = 0
configure:24561: result: yes
configure:24505: checking for strftime
configure:24542: gcc -o conftest -g -O2 -D_DEFAULT_SOURCE -D_XOPEN_SOURCE=500 -L/lib64  conftest.c -lncurses -lm  >&5
configure:24522:6: warning: conflicting types for built-in function 'strftime' [-Wbuiltin-declaration-mismatch]
    builtin and then its argument prototype would still apply.  */
      ^~~~~~~~
configure:24545: $? = 0
configure:24548: test -s conftest
configure:24551: $? = 0
configure:24561: result: yes
configure:24505: checking for tsearch
configure:24542: gcc -o conftest -g -O2 -D_DEFAULT_SOURCE -D_XOPEN_SOURCE=500 -L/lib64  conftest.c -lncurses -lm  >&5
configure:24545: $? = 0
configure:24548: test -s conftest
configure:24551: $? = 0
configure:24561: result: yes
configure:24505: checking for waitpid
configure:24542: gcc -o conftest -g -O2 -D_DEFAULT_SOURCE -D_XOPEN_SOURCE=500 -L/lib64  conftest.c -lncurses -lm  >&5
configure:24545: $? = 0
configure:24548: test -s conftest
configure:24551: $? = 0
configure:24561: result: yes
configure:24505: checking for wcsrtombs
configure:24542: gcc -o conftest -g -O2 -D_DEFAULT_SOURCE -D_XOPEN_SOURCE=500 -L/lib64  conftest.c -lncurses -lm  >&5
configure:24545: $? = 0
configure:24548: test -s conftest
configure:24551: $? = 0
configure:24561: result: yes
configure:24505: checking for wcstombs
configure:24542: gcc -o conftest -g -O2 -D_DEFAULT_SOURCE -D_XOPEN_SOURCE=500 -L/lib64  conftest.c -lncurses -lm  >&5
configure:24545: $? = 0
configure:24548: test -s conftest
configure:24551: $? = 0
configure:24561: result: yes
configure:24505: checking for wctob
configure:24542: gcc -o conftest -g -O2 -D_DEFAULT_SOURCE -D_XOPEN_SOURCE=500 -L/lib64  conftest.c -lncurses -lm  >&5
configure:24545: $? = 0
configure:24548: test -s conftest
configure:24551: $? = 0
configure:24561: result: yes
configure:24505: checking for wctomb
configure:24542: gcc -o conftest -g -O2 -D_DEFAULT_SOURCE -D_XOPEN_SOURCE=500 -L/lib64  conftest.c -lncurses -lm  >&5
configure:24545: $? = 0
configure:24548: test -s conftest
configure:24551: $? = 0
configure:24561: result: yes
configure:24505: checking for mktime
configure:24542: gcc -o conftest -g -O2 -D_DEFAULT_SOURCE -D_XOPEN_SOURCE=500 -L/lib64  conftest.c -lncurses -lm  >&5
configure:24545: $? = 0
configure:24548: test -s conftest
configure:24551: $? = 0
configure:24561: result: yes
configure:24571: checking definition to turn on extended curses functions
configure:24612: gcc -o conftest -g -O2 -D_DEFAULT_SOURCE -D_XOPEN_SOURCE=500 -L/lib64  conftest.c -lncurses -lm  >&5
configure: In function 'main':
configure:24626:2: error: #error prefer to fall-through on the second checks
 cat "conftest.$ac_ext" >&5
  ^~~~~
configure:24615: $? = 1
configure: failed program was:
#line 24579 "configure"
#include "confdefs.h"

#include <stdio.h>
#if HAVE_SYS_TYPES_H
# include <sys/types.h>
#endif
#if HAVE_SYS_STAT_H
# include <sys/stat.h>
#endif
#if STDC_HEADERS
# include <stdlib.h>
# include <stddef.h>
#else
# if HAVE_STDLIB_H
#  include <stdlib.h>
# endif
#endif
#if HAVE_STRING_H
# if !STDC_HEADERS && HAVE_MEMORY_H
#  include <memory.h>
# endif
# include <string.h>
#endif
#if HAVE_STRINGS_H
# include <strings.h>
#endif
#if HAVE_INTTYPES_H
# include <inttypes.h>
#else
# if HAVE_STDINT_H
#  include <stdint.h>
# endif
#endif
#if HAVE_UNISTD_H
# include <unistd.h>
#endif
#include <ncurses.h>
int
main (void)
{

#if defined(NCURSES_VERSION_PATCH)
#if (NCURSES_VERSION_PATCH < 20100501) && (NCURSES_VERSION_PATCH >= 20100403)
	#error disallow ncurses versions between 2020/04/03 and 2010/05/01
#endif
#endif
#ifdef NCURSES_WIDECHAR
#error prefer to fall-through on the second checks
#endif
	static char dummy[10];
	cchar_t check;
	int check2 = curs_set((int)sizeof(check));
	long x = winnstr(stdscr, dummy, 5);
	int x1, y1;
	(void)check2;
	getbegyx(stdscr, y1, x1);
	(void)x;
	(void)y1;
	(void)x1;

  ;
  return 0;
}
configure:24657: gcc -o conftest -g -O2 -D_DEFAULT_SOURCE -D_XOPEN_SOURCE=500 -L/lib64  conftest.c -lncurses -lm  >&5
configure:24660: $? = 0
configure:24663: test -s conftest
configure:24666: $? = 0
configure:24680: result: _XOPEN_SOURCE_EXTENDED
configure:24692: checking for unctrl.h
configure:24727: gcc -c -g -O2 -D_DEFAULT_SOURCE -D_XOPEN_SOURCE=500 -D_XOPEN_SOURCE_EXTENDED conftest.c >&5
configure:24730: $? = 0
configure:24733: test -s conftest.o
configure:24736: $? = 0
configure:24749: result: unctrl.h
configure:24807: checking for flushinp
configure:24810: testing flushinp ...
configure:24852: gcc -o conftest -g -O2 -D_DEFAULT_SOURCE -D_XOPEN_SOURCE=500 -D_XOPEN_SOURCE_EXTENDED -L/lib64  conftest.c -lncurses -lm  >&5
configure:24855: $? = 0
configure:24858: test -s conftest
configure:24861: $? = 0
configure:24877: result: yes
configure:24807: checking for getattrs
configure:24810: testing getattrs ...
configure:24852: gcc -o conftest -g -O2 -D_DEFAULT_SOURCE -D_XOPEN_SOURCE=500 -D_XOPEN_SOURCE_EXTENDED -L/lib64  conftest.c -lncurses -lm  >&5
configure:24855: $? = 0
configure:24858: test -s conftest
configure:24861: $? = 0
configure:24877: result: yes
configure:24807: checking for getbegx
configure:24810: testing getbegx ...
configure:24852: gcc -o conftest -g -O2 -D_DEFAULT_SOURCE -D_XOPEN_SOURCE=500 -D_XOPEN_SOURCE_EXTENDED -L/lib64  conftest.c -lncurses -lm  >&5
configure:24855: $? = 0
configure:24858: test -s conftest
configure:24861: $? = 0
configure:24877: result: yes
configure:24807: checking for getbegy
configure:24810: testing getbegy ...
configure:24852: gcc -o conftest -g -O2 -D_DEFAULT_SOURCE -D_XOPEN_SOURCE=500 -D_XOPEN_SOURCE_EXTENDED -L/lib64  conftest.c -lncurses -lm  >&5
configure:24855: $? = 0
configure:24858: test -s conftest
configure:24861: $? = 0
configure:24877: result: yes
configure:24807: checking for getbegyx
configure:24810: testing getbegyx ...
configure:24852: gcc -o conftest -g -O2 -D_DEFAULT_SOURCE -D_XOPEN_SOURCE=500 -D_XOPEN_SOURCE_EXTENDED -L/lib64  conftest.c -lncurses -lm  >&5
configure:24855: $? = 0
configure:24858: test -s conftest
configure:24861: $? = 0
configure:24877: result: yes
configure:24807: checking for getcurx
configure:24810: testing getcurx ...
configure:24852: gcc -o conftest -g -O2 -D_DEFAULT_SOURCE -D_XOPEN_SOURCE=500 -D_XOPEN_SOURCE_EXTENDED -L/lib64  conftest.c -lncurses -lm  >&5
configure:24855: $? = 0
configure:24858: test -s conftest
configure:24861: $? = 0
configure:24877: result: yes
configure:24807: checking for getcury
configure:24810: testing getcury ...
configure:24852: gcc -o conftest -g -O2 -D_DEFAULT_SOURCE -D_XOPEN_SOURCE=500 -D_XOPEN_SOURCE_EXTENDED -L/lib64  conftest.c -lncurses -lm  >&5
configure:24855: $? = 0
configure:24858: test -s conftest
configure:24861: $? = 0
configure:24877: result: yes
configure:24807: checking for getmaxx
configure:24810: testing getmaxx ...
configure:24852: gcc -o conftest -g -O2 -D_DEFAULT_SOURCE -D_XOPEN_SOURCE=500 -D_XOPEN_SOURCE_EXTENDED -L/lib64  conftest.c -lncurses -lm  >&5
configure:24855: $? = 0
configure:24858: test -s conftest
configure:24861: $? = 0
configure:24877: result: yes
configure:24807: checking for getmaxy
configure:24810: testing getmaxy ...
configure:24852: gcc -o conftest -g -O2 -D_DEFAULT_SOURCE -D_XOPEN_SOURCE=500 -D_XOPEN_SOURCE_EXTENDED -L/lib64  conftest.c -lncurses -lm  >&5
configure:24855: $? = 0
configure:24858: test -s conftest
configure:24861: $? = 0
configure:24877: result: yes
configure:24807: checking for getmaxyx
configure:24810: testing getmaxyx ...
configure:24852: gcc -o conftest -g -O2 -D_DEFAULT_SOURCE -D_XOPEN_SOURCE=500 -D_XOPEN_SOURCE_EXTENDED -L/lib64  conftest.c -lncurses -lm  >&5
configure:24855: $? = 0
configure:24858: test -s conftest
configure:24861: $? = 0
configure:24877: result: yes
configure:24807: checking for getparx
configure:24810: testing getparx ...
configure:24852: gcc -o conftest -g -O2 -D_DEFAULT_SOURCE -D_XOPEN_SOURCE=500 -D_XOPEN_SOURCE_EXTENDED -L/lib64  conftest.c -lncurses -lm  >&5
configure:24855: $? = 0
configure:24858: test -s conftest
configure:24861: $? = 0
configure:24877: result: yes
configure:24807: checking for getpary
configure:24810: testing getpary ...
configure:24852: gcc -o conftest -g -O2 -D_DEFAULT_SOURCE -D_XOPEN_SOURCE=500 -D_XOPEN_SOURCE_EXTENDED -L/lib64  conftest.c -lncurses -lm  >&5
configure:24855: $? = 0
configure:24858: test -s conftest
configure:24861: $? = 0
configure:24877: result: yes
configure:24807: checking for getparyx
configure:24810: testing getparyx ...
configure:24852: gcc -o conftest -g -O2 -D_DEFAULT_SOURCE -D_XOPEN_SOURCE=500 -D_XOPEN_SOURCE_EXTENDED -L/lib64  conftest.c -lncurses -lm  >&5
configure:24855: $? = 0
configure:24858: test -s conftest
configure:24861: $? = 0
configure:24877: result: yes
configure:24807: checking for use_default_colors
configure:24810: testing use_default_colors ...
configure:24852: gcc -o conftest -g -O2 -D_DEFAULT_SOURCE -D_XOPEN_SOURCE=500 -D_XOPEN_SOURCE_EXTENDED -L/lib64  conftest.c -lncurses -lm  >&5
configure:24855: $? = 0
configure:24858: test -s conftest
configure:24861: $? = 0
configure:24877: result: yes
configure:24807: checking for wchgat
configure:24810: testing wchgat ...
configure:24852: gcc -o conftest -g -O2 -D_DEFAULT_SOURCE -D_XOPEN_SOURCE=500 -D_XOPEN_SOURCE_EXTENDED -L/lib64  conftest.c -lncurses -lm  >&5
configure:24855: $? = 0
configure:24858: test -s conftest
configure:24861: $? = 0
configure:24877: result: yes
configure:24807: checking for wcursyncup
configure:24810: testing wcursyncup ...
configure:24852: gcc -o conftest -g -O2 -D_DEFAULT_SOURCE -D_XOPEN_SOURCE=500 -D_XOPEN_SOURCE_EXTENDED -L/lib64  conftest.c -lncurses -lm  >&5
configure:24855: $? = 0
configure:24858: test -s conftest
configure:24861: $? = 0
configure:24877: result: yes
configure:24807: checking for wget_wch
configure:24810: testing wget_wch ...
configure:24852: gcc -o conftest -g -O2 -D_DEFAULT_SOURCE -D_XOPEN_SOURCE=500 -D_XOPEN_SOURCE_EXTENDED -L/lib64  conftest.c -lncurses -lm  >&5
configure: In function 'main':
configure:24840:20: error: 'wget_wch' undeclared (first use in this function); did you mean 'wgetch'?
 #ifndef ${cf_func}
                    ^       
                    wgetch
configure:24840:20: note: each undeclared identifier is reported only once for each function it appears in
configure:24855: $? = 1
configure: failed program was:
#line 24819 "configure"
#include "confdefs.h"

#ifdef HAVE_XCURSES
#include <xcurses.h>
char * XCursesProgramName = "test";
#else
#include <ncurses.h>
#if defined(NCURSES_VERSION) && defined(HAVE_NCURSESW_TERM_H)
#include <ncursesw/term.h>
#elif defined(NCURSES_VERSION) && defined(HAVE_NCURSES_TERM_H)
#include <ncurses/term.h>
#elif defined(HAVE_TERM_H)
#include <term.h>
#endif
#endif

int
main (void)
{

#ifndef wget_wch
long foo = (long)(&wget_wch);
fprintf(stderr, "testing linkage of wget_wch:%p\n", (void *)foo);
if (foo + 1234L > 5678L)
	return(foo != 0);
#endif

  ;
  return 0;
}
configure:24877: result: no
configure:24807: checking for wsyncup
configure:24810: testing wsyncup ...
configure:24852: gcc -o conftest -g -O2 -D_DEFAULT_SOURCE -D_XOPEN_SOURCE=500 -D_XOPEN_SOURCE_EXTENDED -L/lib64  conftest.c -lncurses -lm  >&5
configure:24855: $? = 0
configure:24858: test -s conftest
configure:24861: $? = 0
configure:24877: result: yes
configure:24895: checking for exit_curses
configure:24898: testing exit_curses ...
configure:24940: gcc -o conftest -g -O2 -D_DEFAULT_SOURCE -D_XOPEN_SOURCE=500 -D_XOPEN_SOURCE_EXTENDED -L/lib64  conftest.c -lncurses -lm  >&5
configure: In function 'main':
configure:24928:20: error: 'exit_curses' undeclared (first use in this function)
 #ifndef ${cf_func}
                    ^          
configure:24928:20: note: each undeclared identifier is reported only once for each function it appears in
configure:24943: $? = 1
configure: failed program was:
#line 24907 "configure"
#include "confdefs.h"

#ifdef HAVE_XCURSES
#include <xcurses.h>
char * XCursesProgramName = "test";
#else
#include <ncurses.h>
#if defined(NCURSES_VERSION) && defined(HAVE_NCURSESW_TERM_H)
#include <ncursesw/term.h>
#elif defined(NCURSES_VERSION) && defined(HAVE_NCURSES_TERM_H)
#include <ncurses/term.h>
#elif defined(HAVE_TERM_H)
#include <term.h>
#endif
#endif

int
main (void)
{

#ifndef exit_curses
long foo = (long)(&exit_curses);
fprintf(stderr, "testing linkage of exit_curses:%p\n", (void *)foo);
if (foo + 1234L > 5678L)
	return(foo != 0);
#endif

  ;
  return 0;
}
configure:24965: result: no
configure:24895: checking for _nc_free_and_exit
configure:24898: testing _nc_free_and_exit ...
configure:24940: gcc -o conftest -g -O2 -D_DEFAULT_SOURCE -D_XOPEN_SOURCE=500 -D_XOPEN_SOURCE_EXTENDED -L/lib64  conftest.c -lncurses -lm  >&5
configure: In function 'main':
configure:24928:20: error: '_nc_free_and_exit' undeclared (first use in this function); did you mean '_nc_read_entry'?
 #ifndef ${cf_func}
                    ^                
                    _nc_read_entry
configure:24928:20: note: each undeclared identifier is reported only once for each function it appears in
configure:24943: $? = 1
configure: failed program was:
#line 24907 "configure"
#include "confdefs.h"

#ifdef HAVE_XCURSES
#include <xcurses.h>
char * XCursesProgramName = "test";
#else
#include <ncurses.h>
#if defined(NCURSES_VERSION) && defined(HAVE_NCURSESW_TERM_H)
#include <ncursesw/term.h>
#elif defined(NCURSES_VERSION) && defined(HAVE_NCURSES_TERM_H)
#include <ncurses/term.h>
#elif defined(HAVE_TERM_H)
#include <term.h>
#endif
#endif

int
main (void)
{

#ifndef _nc_free_and_exit
long foo = (long)(&_nc_free_and_exit);
fprintf(stderr, "testing linkage of _nc_free_and_exit:%p\n", (void *)foo);
if (foo + 1234L > 5678L)
	return(foo != 0);
#endif

  ;
  return 0;
}
configure:24965: result: no
configure:24975: checking for start_color
configure:25012: gcc -o conftest -g -O2 -D_DEFAULT_SOURCE -D_XOPEN_SOURCE=500 -D_XOPEN_SOURCE_EXTENDED -L/lib64  conftest.c -lncurses -lm  >&5
configure:25015: $? = 0
configure:25018: test -s conftest
configure:25021: $? = 0
configure:25031: result: yes
configure:25041: checking for chtype typedef
configure:25060: gcc -c -g -O2 -D_DEFAULT_SOURCE -D_XOPEN_SOURCE=500 -D_XOPEN_SOURCE_EXTENDED conftest.c >&5
configure:25063: $? = 0
configure:25066: test -s conftest.o
configure:25069: $? = 0
configure:25079: result: yes
configure:25087: checking if chtype is scalar or struct
configure:25106: gcc -c -g -O2 -D_DEFAULT_SOURCE -D_XOPEN_SOURCE=500 -D_XOPEN_SOURCE_EXTENDED conftest.c >&5
configure:25109: $? = 0
configure:25112: test -s conftest.o
configure:25115: $? = 0
configure:25125: result: scalar
configure:25136: checking for wide alternate character set array
configure:25162: gcc -o conftest -g -O2 -D_DEFAULT_SOURCE -D_XOPEN_SOURCE=500 -D_XOPEN_SOURCE_EXTENDED -L/lib64  conftest.c -lncurses -lm  >&5
configure: In function 'main':
configure:25155:15: error: 'wacs_map' undeclared (first use in this function); did you mean 'acs_map'?
 {
               ^       
               acs_map
configure:25155:15: note: each undeclared identifier is reported only once for each function it appears in
configure:25165: $? = 1
configure: failed program was:
#line 25146 "configure"
#include "confdefs.h"

#ifndef _XOPEN_SOURCE_EXTENDED
#define _XOPEN_SOURCE_EXTENDED
#endif
#include <ncurses.h>
int
main (void)
{
void *foo = &(wacs_map['k']); (void)foo
  ;
  return 0;
}
configure:25162: gcc -o conftest -g -O2 -D_DEFAULT_SOURCE -D_XOPEN_SOURCE=500 -D_XOPEN_SOURCE_EXTENDED -L/lib64  conftest.c -lncurses -lm  >&5
configure: In function 'main':
configure:25155:15: error: '_wacs_map' undeclared (first use in this function); did you mean 'acs_map'?
 {
               ^        
               acs_map
configure:25155:15: note: each undeclared identifier is reported only once for each function it appears in
configure:25165: $? = 1
configure: failed program was:
#line 25146 "configure"
#include "confdefs.h"

#ifndef _XOPEN_SOURCE_EXTENDED
#define _XOPEN_SOURCE_EXTENDED
#endif
#include <ncurses.h>
int
main (void)
{
void *foo = &(_wacs_map['k']); (void)foo
  ;
  return 0;
}
configure:25162: gcc -o conftest -g -O2 -D_DEFAULT_SOURCE -D_XOPEN_SOURCE=500 -D_XOPEN_SOURCE_EXTENDED -L/lib64  conftest.c -lncurses -lm  >&5
configure: In function 'main':
configure:25155:15: error: '__wacs_map' undeclared (first use in this function); did you mean 'acs_map'?
 {
               ^         
               acs_map
configure:25155:15: note: each undeclared identifier is reported only once for each function it appears in
configure:25165: $? = 1
configure: failed program was:
#line 25146 "configure"
#include "confdefs.h"

#ifndef _XOPEN_SOURCE_EXTENDED
#define _XOPEN_SOURCE_EXTENDED
#endif
#include <ncurses.h>
int
main (void)
{
void *foo = &(__wacs_map['k']); (void)foo
  ;
  return 0;
}
configure:25162: gcc -o conftest -g -O2 -D_DEFAULT_SOURCE -D_XOPEN_SOURCE=500 -D_XOPEN_SOURCE_EXTENDED -L/lib64  conftest.c -lncurses -lm  >&5
configure: In function 'main':
configure:25155:15: error: '_nc_wacs' undeclared (first use in this function)
 {
               ^       
configure:25155:15: note: each undeclared identifier is reported only once for each function it appears in
configure:25165: $? = 1
configure: failed program was:
#line 25146 "configure"
#include "confdefs.h"

#ifndef _XOPEN_SOURCE_EXTENDED
#define _XOPEN_SOURCE_EXTENDED
#endif
#include <ncurses.h>
int
main (void)
{
void *foo = &(_nc_wacs['k']); (void)foo
  ;
  return 0;
}
configure:25162: gcc -o conftest -g -O2 -D_DEFAULT_SOURCE -D_XOPEN_SOURCE=500 -D_XOPEN_SOURCE_EXTENDED -L/lib64  conftest.c -lncurses -lm  >&5
configure: In function 'main':
configure:25155:15: error: '_wacs_char' undeclared (first use in this function); did you mean '_tracechar'?
 {
               ^         
               _tracechar
configure:25155:15: note: each undeclared identifier is reported only once for each function it appears in
configure:25165: $? = 1
configure: failed program was:
#line 25146 "configure"
#include "confdefs.h"

#ifndef _XOPEN_SOURCE_EXTENDED
#define _XOPEN_SOURCE_EXTENDED
#endif
#include <ncurses.h>
int
main (void)
{
void *foo = &(_wacs_char['k']); (void)foo
  ;
  return 0;
}
configure:25182: result: unknown
configure:25190: checking for wide alternate character constants
configure:25252: gcc -o conftest -g -O2 -D_DEFAULT_SOURCE -D_XOPEN_SOURCE=500 -D_XOPEN_SOURCE_EXTENDED -L/lib64  conftest.c -lncurses -lm  >&5
configure: In function 'main':
configure:25245:16: error: 'WACS_PLUS' undeclared (first use in this function); did you mean 'ACS_PLUS'?
 {
                ^        
                ACS_PLUS
configure:25245:16: note: each undeclared identifier is reported only once for each function it appears in
configure:25255: $? = 1
configure: failed program was:
#line 25236 "configure"
#include "confdefs.h"

#ifndef _XOPEN_SOURCE_EXTENDED
#define _XOPEN_SOURCE_EXTENDED
#endif
#include <ncurses.h>
int
main (void)
{
cchar_t *foo = WACS_PLUS; (void)foo
  ;
  return 0;
}
configure:25272: result: no
configure:25285: checking for wgetparent
configure:25288: testing wgetparent ...
configure:25330: gcc -o conftest -g -O2 -D_DEFAULT_SOURCE -D_XOPEN_SOURCE=500 -D_XOPEN_SOURCE_EXTENDED -L/lib64  conftest.c -lncurses -lm  >&5
configure:25333: $? = 0
configure:25336: test -s conftest
configure:25339: $? = 0
configure:25355: result: yes
configure:25415: checking for sys/wait.h
configure:25425: gcc -E -D_DEFAULT_SOURCE -D_XOPEN_SOURCE=500 -D_XOPEN_SOURCE_EXTENDED conftest.c
configure:25431: $? = 0
configure:25450: result: yes
configure:25576: checking for union wait
configure:25602: gcc -o conftest -g -O2 -D_DEFAULT_SOURCE -D_XOPEN_SOURCE=500 -D_XOPEN_SOURCE_EXTENDED -L/lib64  conftest.c -lncurses -lm  >&5
configure:25605: $? = 0
configure:25608: test -s conftest
configure:25611: $? = 0
compiles ok w/o union wait
configure:25672: result: no
configure:25777: checking if we must include wchar.h to declare mbstate_t
configure:25801: gcc -c -g -O2 -D_DEFAULT_SOURCE -D_XOPEN_SOURCE=500 -D_XOPEN_SOURCE_EXTENDED conftest.c >&5
configure: In function 'main':
configure:25794:1: error: unknown type name 'mbstate_t'; did you mean '__mbstate_t'?
 {
 ^        
 __mbstate_t
configure:25804: $? = 1
configure: failed program was:
#line 25784 "configure"
#include "confdefs.h"

#include <stdlib.h>
#include <stdio.h>
#ifdef HAVE_LIBUTF8_H
#include <libutf8.h>
#endif
int
main (void)
{
mbstate_t state; (void)state
  ;
  return 0;
}
configure:25835: gcc -c -g -O2 -D_DEFAULT_SOURCE -D_XOPEN_SOURCE=500 -D_XOPEN_SOURCE_EXTENDED conftest.c >&5
configure:25838: $? = 0
configure:25841: test -s conftest.o
configure:25844: $? = 0
configure:25856: result: yes
configure:25884: checking for sgtty.h
configure:25894: gcc -E -D_DEFAULT_SOURCE -D_XOPEN_SOURCE=500 -D_XOPEN_SOURCE_EXTENDED conftest.c
configure:25900: $? = 0
configure:25919: result: yes
configure:25884: checking for termio.h
configure:25894: gcc -E -D_DEFAULT_SOURCE -D_XOPEN_SOURCE=500 -D_XOPEN_SOURCE_EXTENDED conftest.c
configure:25900: $? = 0
configure:25919: result: yes
configure:25884: checking for termios.h
configure:25894: gcc -E -D_DEFAULT_SOURCE -D_XOPEN_SOURCE=500 -D_XOPEN_SOURCE_EXTENDED conftest.c
configure:25900: $? = 0
configure:25919: result: yes
configure:25884: checking for unistd.h
configure:25919: result: yes
configure:25884: checking for sys/ioctl.h
configure:25894: gcc -E -D_DEFAULT_SOURCE -D_XOPEN_SOURCE=500 -D_XOPEN_SOURCE_EXTENDED conftest.c
configure:25900: $? = 0
configure:25919: result: yes
configure:25884: checking for sys/termio.h
configure:25894: gcc -E -D_DEFAULT_SOURCE -D_XOPEN_SOURCE=500 -D_XOPEN_SOURCE_EXTENDED conftest.c
configure:25891:10: fatal error: sys/termio.h: No such file or directory
 #include "confdefs.h"
          ^~~~~~~~~~~~  
compilation terminated.
configure:25900: $? = 1
configure: failed program was:
#line 25890 "configure"
#include "confdefs.h"
#include <sys/termio.h>
configure:25919: result: no
configure:25936: checking whether termios.h needs _POSIX_SOURCE
configure:25951: gcc -c -g -O2 -D_DEFAULT_SOURCE -D_XOPEN_SOURCE=500 -D_XOPEN_SOURCE_EXTENDED conftest.c >&5
configure:25954: $? = 0
configure:25957: test -s conftest.o
configure:25960: $? = 0
configure:26007: result: no
configure:26012: checking declaration of size-change
configure:26083: gcc -c -g -O2 -D_DEFAULT_SOURCE -D_XOPEN_SOURCE=500 -D_XOPEN_SOURCE_EXTENDED conftest.c >&5
configure:26086: $? = 0
configure:26089: test -s conftest.o
configure:26092: $? = 0
size-change succeeded ()
configure:26111: result: yes
configure:26147: gcc -o conftest -g -O2 -D_DEFAULT_SOURCE -D_XOPEN_SOURCE=500 -D_XOPEN_SOURCE_EXTENDED -L/lib64  conftest.c -lncurses -lm  >&5
configure:26150: $? = 0
configure:26153: test -s conftest
configure:26156: $? = 0
configure:26169: checking if runtime has nl_langinfo support for first weekday
configure:26196: gcc -c -g -O2 -D_DEFAULT_SOURCE -D_XOPEN_SOURCE=500 -D_XOPEN_SOURCE_EXTENDED conftest.c >&5
configure:26199: $? = 0
configure:26202: test -s conftest.o
configure:26205: $? = 0
configure:26218: result: yes
configure:26234: checking if rpath-hack should be disabled
configure:26252: result: no
configure:26257: checking for updated LDFLAGS
configure:26483: result: no
configure:26516: checking for linker search path
configure:26605: result: /lib/x86_64-linux-gnu /usr/lib/x86_64-linux-gnu /lib64 /usr/local/lib /lib /usr/lib
configure:26695: creating ./config.status

## ----------------------- ##
## Running config.status.  ##
## ----------------------- ##

This file was extended by config.status 2.52.20250126, executed with
  CONFIG_FILES    = 
  CONFIG_HEADERS  = 
  CONFIG_LINKS    = 
  CONFIG_COMMANDS = 
  > "./config.status "
on zmy33pcrc01

config.status:27328: creating dialog-config
config.status:27328: creating gen-pkgconfig
config.status:27328: creating makefile
config.status:27328: creating headers-sh
config.status:27489: creating dlg_config.h

## ----------------- ##
## Cache variables.  ##
## ----------------- ##

ac_cv_build='x86_64-pc-linux-gnu'
ac_cv_build_alias='x86_64-pc-linux-gnu'
ac_cv_c_compiler_gnu='yes'
ac_cv_env_CC_set=''
ac_cv_env_CC_value=''
ac_cv_env_CFLAGS_set=''
ac_cv_env_CFLAGS_value=''
ac_cv_env_CPPFLAGS_set=''
ac_cv_env_CPPFLAGS_value=''
ac_cv_env_CPP_set=''
ac_cv_env_CPP_value=''
ac_cv_env_LDFLAGS_set=''
ac_cv_env_LDFLAGS_value=''
ac_cv_env_build_alias_set=''
ac_cv_env_build_alias_value=''
ac_cv_env_host_alias_set=''
ac_cv_env_host_alias_value=''
ac_cv_env_target_alias_set=''
ac_cv_env_target_alias_value=''
ac_cv_func__nc_init_pthreads='no'
ac_cv_func_btowc='yes'
ac_cv_func_fseeko='yes'
ac_cv_func_mblen='yes'
ac_cv_func_mbrlen='yes'
ac_cv_func_mbrtowc='yes'
ac_cv_func_mbtowc='yes'
ac_cv_func_mktime='yes'
ac_cv_func_start_color='yes'
ac_cv_func_strcasecmp='yes'
ac_cv_func_strftime='yes'
ac_cv_func_tgoto='no'
ac_cv_func_tsearch='yes'
ac_cv_func_waitpid='yes'
ac_cv_func_wcsrtombs='yes'
ac_cv_func_wcstombs='yes'
ac_cv_func_wctob='yes'
ac_cv_func_wctomb='yes'
ac_cv_have_decl_exit='yes'
ac_cv_header_dirent_dirent_h='yes'
ac_cv_header_inttypes_h='yes'
ac_cv_header_memory_h='yes'
ac_cv_header_ncurses_h='yes'
ac_cv_header_search_h='yes'
ac_cv_header_sgtty_h='yes'
ac_cv_header_stdc='yes'
ac_cv_header_stdint_h='yes'
ac_cv_header_stdlib_h='yes'
ac_cv_header_string_h='yes'
ac_cv_header_strings_h='yes'
ac_cv_header_sys_ioctl_h='yes'
ac_cv_header_sys_param_h='yes'
ac_cv_header_sys_stat_h='yes'
ac_cv_header_sys_termio_h='no'
ac_cv_header_sys_types_h='yes'
ac_cv_header_sys_wait_h='yes'
ac_cv_header_termio_h='yes'
ac_cv_header_termios_h='yes'
ac_cv_header_time='yes'
ac_cv_header_unistd_h='yes'
ac_cv_host='x86_64-pc-linux-gnu'
ac_cv_host_alias='x86_64-pc-linux-gnu'
ac_cv_lib_dir_opendir='no'
ac_cv_lib_ncurses___tgoto='yes'
ac_cv_objext='o'
ac_cv_path_EGREP='grep -E'
ac_cv_path_FGREP='grep -F'
ac_cv_path_GROFF_PATH='/usr/bin/groff'
ac_cv_path_NROFF_PATH='/usr/bin/nroff'
ac_cv_path_TBL_PATH='/usr/bin/tbl'
ac_cv_path_ac_pt_PKG_CONFIG='/usr/bin/pkg-config'
ac_cv_path_ac_pt_READELF='/usr/bin/readelf'
ac_cv_path_cf_man2html='no'
ac_cv_path_install='/usr/bin/install -c'
ac_cv_prog_CPP='gcc -E'
ac_cv_prog_CTAGS='ctags'
ac_cv_prog_ETAGS='etags'
ac_cv_prog_GREP='grep'
ac_cv_prog_MAKE_LOWER_TAGS='yes'
ac_cv_prog_MAKE_UPPER_TAGS='yes'
ac_cv_prog_ac_ct_AR='ar'
ac_cv_prog_ac_ct_CC='gcc'
ac_cv_prog_ac_ct_RANLIB='ranlib'
ac_cv_prog_cc_g='yes'
ac_cv_prog_cc_stdc=''
ac_cv_prog_make_make_set='yes'
ac_cv_sys_file_offset_bits='no'
ac_cv_sys_large_files='no'
ac_cv_sys_largefile_CC='no'
ac_cv_sys_largefile_source='no'
ac_cv_target='x86_64-pc-linux-gnu'
ac_cv_target_alias='x86_64-pc-linux-gnu'
ac_cv_type_signal='void'
am_cv_func_iconv='yes'
am_cv_langinfo_codeset='yes'
am_cv_proto_iconv_arg1='/* nothing */'
am_cv_proto_iconv_const='no'
cf_cv_abi_default='0'
cf_cv_abi_version='0'
cf_cv_ar_flags='-curvU'
cf_cv_c11_noreturn='no,'
cf_cv_chtype_decl='yes'
cf_cv_chtype_type='scalar'
cf_cv_curses_dir='no'
cf_cv_curses_incdir='no'
cf_cv_curses_wacs_map='unknown'
cf_cv_curses_wacs_symbols='no'
cf_cv_enable_rpath='no'
cf_cv_find_linkage_iconv='yes'
cf_cv_func__nc_free_and_exit='no'
cf_cv_func_exit_curses='no'
cf_cv_func_flushinp='yes'
cf_cv_func_getattrs='yes'
cf_cv_func_getbegx='yes'
cf_cv_func_getbegy='yes'
cf_cv_func_getbegyx='yes'
cf_cv_func_getcurx='yes'
cf_cv_func_getcury='yes'
cf_cv_func_getmaxx='yes'
cf_cv_func_getmaxy='yes'
cf_cv_func_getmaxyx='yes'
cf_cv_func_getparx='yes'
cf_cv_func_getpary='yes'
cf_cv_func_getparyx='yes'
cf_cv_func_use_default_colors='yes'
cf_cv_func_wchgat='yes'
cf_cv_func_wcursyncup='yes'
cf_cv_func_wget_wch='no'
cf_cv_func_wgetparent='yes'
cf_cv_func_wsyncup='yes'
cf_cv_gnu_dftsrc_219='yes'
cf_cv_gnu_library='yes'
cf_cv_gnu_library_219='yes'
cf_cv_have_libm='yes'
cf_cv_header_path_iconv='/usr/include'
cf_cv_langinfo_1stday='yes'
cf_cv_ld_searchpath='/lib/x86_64-linux-gnu /usr/lib/x86_64-linux-gnu /lib64 /usr/local/lib /lib /usr/lib'
cf_cv_library_path_iconv='/usr/lib'
cf_cv_makeflags=''
cf_cv_mbstate_t='yes'
cf_cv_mixedcase='yes'
cf_cv_ncurses_header='ncurses.h'
cf_cv_ncurses_pthreads='no'
cf_cv_ncurses_version='6.1.20180127'
cf_cv_need_libm='yes'
cf_cv_need_xopen_extension='_XOPEN_SOURCE_EXTENDED'
cf_cv_pic_hack='no'
cf_cv_posix_visible='no'
cf_cv_rel_version='1.3'
cf_cv_screen='curses'
cf_cv_sizechange='yes'
cf_cv_struct_dirent64='no'
cf_cv_system_name='linux-gnu'
cf_cv_term_header='term.h'
cf_cv_type_unionwait='no'
cf_cv_unctrl_header='unctrl.h'
cf_cv_widec_curses='no'
nls_cv_header_intl=''
nls_cv_header_libgt=''

## ------------ ##
## confdefs.h.  ##
## ------------ ##

#define SYSTEM_NAME "linux-gnu"
#define MIXEDCASE_FILENAMES 1
#define HAVE_FSEEKO 1
#define GCC_SCANF 1
#define GCC_SCANF 1
#define GCC_SCANFLIKE(fmt,var) __attribute__((format(scanf,fmt,var)))
#define GCC_PRINTF 1
#define GCC_PRINTF 1
#define GCC_PRINTFLIKE(fmt,var) __attribute__((format(printf,fmt,var)))
#define GCC_UNUSED __attribute__((unused))
#define GCC_UNUSED __attribute__((unused))
#define GCC_NORETURN __attribute__((noreturn))
#define GCC_NORETURN __attribute__((noreturn))
#define PACKAGE "dialog"
#define DIALOG_VERSION "1.3"
#define DIALOG_PATCHDATE 20260107
#define HAVE_ICONV 1
#define ICONV_CONST /* nothing */
#define HAVE_LANGINFO_CODESET 1
#define HAVE_MATH_FUNCS 1
#define HAVE_DLG_TRACE 1
#define HAVE_NCURSES_H 1
#define HAVE_TERM_H 1
#define NCURSES 1
#define HAVE_RC_FILE 1
#define HAVE_RC_FILE2 1
#define HAVE_XDIALOG 1
#define HAVE_XDIALOG2 1
#define HAVE_WHIPTAIL 1
#define HAVE_DLG_FORMBOX 1
#define HAVE_DLG_GAUGE 1
#define HAVE_DLG_TAILBOX 1
#define HAVE_DLG_MIXEDFORM 1
#define HAVE_MIXEDGAUGE 1
#define STDC_HEADERS 1
#define HAVE_SYS_TYPES_H 1
#define HAVE_SYS_STAT_H 1
#define HAVE_STDLIB_H 1
#define HAVE_STRING_H 1
#define HAVE_MEMORY_H 1
#define HAVE_STRINGS_H 1
#define HAVE_INTTYPES_H 1
#define HAVE_STDINT_H 1
#define HAVE_UNISTD_H 1
#define TIME_WITH_SYS_TIME 1
#define HAVE_DIRENT_H 1
#define HAVE_SEARCH_H 1
#define HAVE_SYS_PARAM_H 1
#define HAVE_TERM_H 1
#define RETSIGTYPE void
#define HAVE_BTOWC 1
#define HAVE_MBLEN 1
#define HAVE_MBRLEN 1
#define HAVE_MBRTOWC 1
#define HAVE_MBTOWC 1
#define HAVE_STRCASECMP 1
#define HAVE_STRFTIME 1
#define HAVE_TSEARCH 1
#define HAVE_WAITPID 1
#define HAVE_WCSRTOMBS 1
#define HAVE_WCSTOMBS 1
#define HAVE_WCTOB 1
#define HAVE_WCTOMB 1
#define HAVE_MKTIME 1
#define HAVE_UNCTRL_H 1
#define HAVE_FLUSHINP 1
#define HAVE_GETATTRS 1
#define HAVE_GETBEGX 1
#define HAVE_GETBEGY 1
#define HAVE_GETBEGYX 1
#define HAVE_GETCURX 1
#define HAVE_GETCURY 1
#define HAVE_GETMAXX 1
#define HAVE_GETMAXY 1
#define HAVE_GETMAXYX 1
#define HAVE_GETPARX 1
#define HAVE_GETPARY 1
#define HAVE_GETPARYX 1
#define HAVE_USE_DEFAULT_COLORS 1
#define HAVE_WCHGAT 1
#define HAVE_WCURSYNCUP 1
#define HAVE_WSYNCUP 1
#define HAVE_COLOR 1
#define HAVE_TYPE_CHTYPE 1
#define TYPE_CHTYPE_IS_SCALAR 1
#define HAVE_WGETPARENT 1
#define HAVE_SYS_WAIT_H 1
#define NEED_WCHAR_H 1
#define HAVE_MBSTATE_T 1
#define HAVE_SGTTY_H 1
#define HAVE_TERMIO_H 1
#define HAVE_TERMIOS_H 1
#define HAVE_UNISTD_H 1
#define HAVE_SYS_IOCTL_H 1
#define HAVE_SIZECHANGE 1
#define HAVE_SETLOCALE 1
#define HAVE_NL_LANGINFO_1STDAY 1


configure: exit 0
